5:0  nothing typed: the whole scope
    {"jsonrpc":"2.0","id":10,"result":{"isIncomplete":false,"items":[{"label":"consume","kind":14},{"label":"false","kind":14},{"label":"tally","kind":3},{"label":"tangle","kind":3},{"label":"top","kind":3},{"label":"true","kind":14}]}}
5:6  ta: narrowed to the two
    {"jsonrpc":"2.0","id":11,"result":{"isIncomplete":false,"items":[{"label":"tally","kind":3},{"label":"tangle","kind":3}]}}
