over the name         {"jsonrpc":"2.0","id":10,"result":[{"title":"Import Bag = app.kit.kit","kind":"quickfix","edit":{"changes":{"file://src/app/app.zen":[{"range":{"start":{"line":1,"character":0},"end":{"line":1,"character":0}},"newText":"Bag = app.kit.kit\n"}]}}}]}
cursor inside        {"jsonrpc":"2.0","id":11,"result":[{"title":"Import Bag = app.kit.kit","kind":"quickfix","edit":{"changes":{"file://src/app/app.zen":[{"range":{"start":{"line":1,"character":0},"end":{"line":1,"character":0}},"newText":"Bag = app.kit.kit\n"}]}}}]}
a name that resolves {"jsonrpc":"2.0","id":12,"result":[]}
one past the end      {"jsonrpc":"2.0","id":13,"result":[]}
on the last byte      {"jsonrpc":"2.0","id":14,"result":[{"title":"Import Bag = app.kit.kit","kind":"quickfix","edit":{"changes":{"file://src/app/app.zen":[{"range":{"start":{"line":1,"character":0},"end":{"line":1,"character":0}},"newText":"Bag = app.kit.kit\n"}]}}}]}
root re-export        {"jsonrpc":"2.0","id":15,"result":[{"title":"Import Box = app.kit","kind":"quickfix","edit":{"changes":{"file://src/app/app.zen":[{"range":{"start":{"line":1,"character":0},"end":{"line":1,"character":0}},"newText":"Box = app.kit\n"}]}}}]}
