over the name         {"jsonrpc":"2.0","id":10,"result":[{"title":"Import Bag = app.kit","kind":"quickfix","edit":{"changes":{"file://src/app/app.zen":[{"range":{"start":{"line":1,"character":0},"end":{"line":1,"character":0}},"newText":"Bag = app.kit\n"}]}}}]}
cursor inside        {"jsonrpc":"2.0","id":11,"result":[{"title":"Import Bag = app.kit","kind":"quickfix","edit":{"changes":{"file://src/app/app.zen":[{"range":{"start":{"line":1,"character":0},"end":{"line":1,"character":0}},"newText":"Bag = app.kit\n"}]}}}]}
a name that resolves {"jsonrpc":"2.0","id":12,"result":[]}
