a generic call nothing settles:
main.zen:2:25: codegen does not lower this yet: `a generic call whose type arguments nothing settles`

a lambda:
main.zen:1:25: codegen does not lower this yet: `a declaration inside a body`

comparing two structs:
main.zen:2:28: codegen does not lower this yet: `comparing values that are not scalars`

a field whose type was dropped:
main.zen:1:7: codegen cannot spell the type `x`

layout refusal checked
