lex 0 parse 0
declaration module 0 index 0 depth 1
name bound_count depth 5
member value index 0 depth 2
name count depth 5
name default_value depth 4
member method index 1 depth 2
name member_body depth 5
stopped true visits 6
declaration module 0 index 1 depth 1
name alias_count depth 5
declaration module 0 index 2 depth 1
name payload_count depth 4
declaration module 0 index 3 depth 1
name impl_count depth 5
member value index 0 depth 2
name impl_default depth 4
declaration module 0 index 4 depth 1
name parameter_count depth 4
name return_count depth 4
declaration block index 0 depth 4
name nested_body depth 7
name invoke depth 5
lambda depth 5
name callback_body depth 8
name consume_record depth 5
member value index 0 depth 6
name record_value depth 8
member method index 1 depth 6
name record_body depth 9
name local depth 4
name local_count depth 6
name local_value depth 5
name items depth 4
name fixed_count depth 7
name reflected depth 4
name meta_value depth 6
name input depth 7
name matched depth 5
name fallback depth 6
lambda depth 5
name recovered depth 8
balanced 0 nodes 117 leaves 117
