ok command=tool build values=4 end=no
--verbose=on default=false
--jobs=4 default=false
input=main.zen default=false
--define=one default=false
ok command=tool build values=4 end=no
--jobs=2 default=true
input=main.zen default=false
--define=two default=false
--define=three default=false
error conflict: argument `--quiet` conflicts with `--verbose`
error invalid-value: invalid value `nope` for `--jobs`
error missing-value: option `--jobs` requires a value
error missing-required: required argument `input` is missing
error duplicate: argument `--verbose` cannot be used more than once
error unknown-option: unknown option `--bogus`
error unknown-command: unknown command `wat`
error unexpected-argument: unexpected argument `extra`
error help: help requested for `tool build`
error version: version requested for `tool`
ok command=tool build values=2 end=yes
--jobs=2 default=true
input=-literal default=false
A deterministic example tool

Usage: tool [OPTIONS] [COMMAND]

Options:
  -v, --verbose	Print more detail
  --quiet	Print no detail
  --jobs <N>	Worker count [default: 2]
  -h, --help	Show help
  --version	Show version

Commands:
  build	Build an input

Build an input

Usage: tool build [OPTIONS] <INPUT>

Arguments:
  <INPUT>	Input path

Options:
  -D, --define <VALUE>	Add a definition [repeatable]
  -h, --help	Show help
