invalid CLI declaration `--same`: duplicate name or alias
invalid CLI declaration `--alpha`: duplicate name or alias
invalid CLI declaration `--alpha`: conflict target is missing or self-referential
invalid CLI declaration `--alpha`: dependency target is missing or self-referential
invalid CLI declaration `--alpha`: switches cannot have defaults
invalid CLI declaration `--count`: default does not match its value type
invalid CLI declaration `input`: positionals cannot have aliases
invalid CLI declaration `needed`: a required positional cannot follow an optional one
invalid CLI declaration `later`: a positional cannot follow a repeatable one
invalid CLI declaration `go`: duplicate subcommand name
invalid CLI declaration `tool`: commands and root positionals are ambiguous
