empty count 0
plain 0 len 5 edges 112 110
plain count 1
lf 0 len 0 edges 0 0
lf count 1
crlf 0 len 0 edges 0 0
crlf count 1
adjacent 0 len 1 edges 97 97
adjacent 1 len 0 edges 0 0
adjacent 2 len 1 edges 98 98
adjacent count 3
mixed 0 len 1 edges 97 97
mixed 1 len 1 edges 98 98
mixed 2 len 1 edges 99 99
mixed count 3
lone 0 len 4 edges 97 13
lone count 1
double 0 len 1 edges 13 13
double count 1
tail 0 len 1 edges 97 97
tail 1 len 1 edges 98 98
tail count 2
trailing-cr 0 len 1 edges 97 97
trailing-cr 1 len 1 edges 13 13
trailing-cr count 2
walk 0 first
walk 2 last
stopped last calls 1
value source 1 count 4
break first
fresh a
fresh b
natural none true
cursor b
end true
end again true
try 2
borrowed 0 true
borrowed 1 true
large 16384 16384
