a positional hole
  run [] hole true name [] bad false
a run either side
  run [x] hole true name [] bad false
  run [y] hole false name [] bad false
a doubled brace, both ways
  run [{] hole false name [] bad false
  run [}] hole false name [] bad false
a lone brace is a byte
  run [a { b } c] hole false name [] bad false
the hole is seen first
  run [] hole true name [] bad false
  run [}] hole false name [] bad false
a named hole
  run [a] hole true name [name] bad false
  run [b] hole false name [] bad false
named and positional mix
  run [] hole true name [a] bad false
  run [ ] hole true name [] bad false
  run [ ] hole true name [b] bad false
a doubled brace is not a name
  run [{] hole false name [] bad false
  run [name}] hole false name [] bad false
refused: not an identifier
  run [] hole false name [] bad true
  run [p.x}] hole false name [] bad false
