--- a buffer importing a module that is not there
    {"jsonrpc":"2.0","id":1,"result":{"capabilities":{"textDocumentSync":1,"hoverProvider":true,"definitionProvider":true,"documentSymbolProvider":true,"completionProvider":{"triggerCharacters":["."]},"semanticTokensProvider":{"legend":{"tokenTypes":["keyword","string","number","comment","operator","variable","type","function","parameter"],"tokenModifiers":[]},"full":true}},"serverInfo":{"name":"zen","version":"0"}}}
    {"jsonrpc":"2.0","method":"textDocument/publishDiagnostics","params":{"uri":"file://src/app/app.zen","diagnostics":[{"range":{"start":{"line":3,"character":21},"end":{"line":3,"character":27}},"severity":1,"source":"zen","message":"undefined name: no binding of this name is in scope `Absent`"}]}}
    {"jsonrpc":"2.0","method":"textDocument/publishDiagnostics","params":{"uri":"file://src/app/absent/absent.zen","diagnostics":[{"range":{"start":{"line":0,"character":0},"end":{"line":0,"character":0}},"severity":1,"source":"zen","message":"nothing is at that path"}]}}
--- the import removed
    {"jsonrpc":"2.0","method":"textDocument/publishDiagnostics","params":{"uri":"file://src/app/app.zen","diagnostics":[]}}
    {"jsonrpc":"2.0","method":"textDocument/publishDiagnostics","params":{"uri":"file://src/app/absent/absent.zen","diagnostics":[]}}
