--- a buffer importing a module that is not there
    {"jsonrpc":"2.0","id":1,"result":{"capabilities":{"textDocumentSync":1,"hoverProvider":true,"definitionProvider":true,"documentSymbolProvider":true,"documentFormattingProvider":true,"completionProvider":{"triggerCharacters":["."]},"codeActionProvider":{"codeActionKinds":["quickfix"]},"semanticTokensProvider":{"legend":{"tokenTypes":["keyword","string","number","comment","operator","variable","type","function","parameter"],"tokenModifiers":[]},"full":true}},"serverInfo":{"name":"zen","version":"0"}}}
    {"jsonrpc":"2.0","method":"textDocument/publishDiagnostics","params":{"uri":"file://src/app/app.zen","diagnostics":[{"range":{"start":{"line":1,"character":9},"end":{"line":1,"character":19}},"severity":1,"source":"zen","message":"nothing is at that path"},{"range":{"start":{"line":3,"character":21},"end":{"line":3,"character":27}},"severity":1,"source":"zen","message":"undefined name: no binding of this name is in scope `Absent`"}]}}
--- the import removed
    {"jsonrpc":"2.0","method":"textDocument/publishDiagnostics","params":{"uri":"file://src/app/app.zen","diagnostics":[]}}
