closure: read=zu_l1f scope=zu_l1f param=zu_l1f
storage: read=zu_l1x_7 scope=zu_l1x_7 param=zu_l1x_7
faults:
in.zen:4:7: codegen does not lower this yet: `a lambda read as a value`
in.zen:5:9: codegen does not lower this yet: `a lambda used as a Scope`
in.zen:4:7: codegen does not lower this yet: `a lambda-holding parameter`
