--- a source under a build.zen-marked root
    {"jsonrpc":"2.0","id":1,"result":{"capabilities":{"textDocumentSync":1,"hoverProvider":true,"definitionProvider":true,"documentSymbolProvider":true,"documentFormattingProvider":true,"completionProvider":{"triggerCharacters":["."]},"codeActionProvider":{"codeActionKinds":["quickfix"]},"semanticTokensProvider":{"legend":{"tokenTypes":["keyword","string","number","comment","operator","variable","type","function","parameter"],"tokenModifiers":[]},"full":true}},"serverInfo":{"name":"zen","version":"0"}}}
    {"jsonrpc":"2.0","method":"textDocument/publishDiagnostics","params":{"uri":"file://src/proj/app/deep.zen","diagnostics":[]}}
