--- two buffers opened, each wrong its own way
    {"jsonrpc":"2.0","id":1,"result":{"capabilities":{"textDocumentSync":1,"hoverProvider":true},"serverInfo":{"name":"zen","version":"0"}}}
    {"jsonrpc":"2.0","method":"textDocument/publishDiagnostics","params":{"uri":"file://src/app/app.zen","diagnostics":[{"range":{"start":{"line":3,"character":8},"end":{"line":3,"character":9}},"severity":1,"source":"zen","message":"unclosed `(`: this expression is never closed","relatedInformation":[{"location":{"uri":"file://src/app/app.zen","range":{"start":{"line":3,"character":16},"end":{"line":3,"character":17}}},"message":"the parser gave up here"}]}]}}
    {"jsonrpc":"2.0","method":"textDocument/publishDiagnostics","params":{"uri":"file://src/app/shape.zen","diagnostics":[{"range":{"start":{"line":6,"character":10},"end":{"line":6,"character":17}},"severity":1,"source":"zen","message":"undefined name: no binding of this name is in scope `missing`"}]}}
--- both files corrected, in one batch
    {"jsonrpc":"2.0","method":"textDocument/publishDiagnostics","params":{"uri":"file://src/app/app.zen","diagnostics":[]}}
    {"jsonrpc":"2.0","method":"textDocument/publishDiagnostics","params":{"uri":"file://src/app/shape.zen","diagnostics":[]}}
--- the bytes the buffer already held
    (no frames)
