outside entry uses unsaved overlay: true
hover resolves the mapped import: true
definition uses source root URI: true
outside diagnostic URI is exact: true
outside diagnostics clear: true
patched completion keeps mapped root: true
unmapped nested project keeps local imports: true
longest mapping wins: true
file mapping has no prefix leak: true
filesystem root preserves path boundaries: true
outside entry keeps CLI module identity: true
module identity survives workspace relocation: true
invalid mapping rejected: true
invalid mapping rejected: true
invalid mapping rejected: true
invalid mapping rejected: true
invalid mapping rejected: true
