selected overload only: true
unreferenced is only a candidate: true
nested targets retained: true
callback dispatch is uncertain: true
generic body conservative: true
nested edge is not a direct root path: true
escaped JSON is deterministic: true
export policy is explicit: true
uncalled exports retained: true
review retains checked overlay bytes: true
invalid checking cannot publish facts: true
