1: {"jsonrpc":"2.0","method":"textDocument/publishDiagnostics","params":{"uri":"file:///a.zen","diagnostics":[]}}
2: {"jsonrpc":"2.0","method":"textDocument/publishDiagnostics","params":{"uri":"file:///a.zen","diagnostics":[{"range":{"start":{"line":0,"character":29},"end":{"line":0,"character":30}},"severity":1,"source":"zen","message":"undefined name: no binding of this name is in scope `a`"},{"range":{"start":{"line":0,"character":7},"end":{"line":0,"character":8}},"severity":1,"source":"zen","message":"expected `)`","relatedInformation":[{"location":{"uri":"file:///a.zen","range":{"start":{"line":0,"character":6},"end":{"line":0,"character":7}}},"message":"the parser gave up here"}]}]}}
3: {"jsonrpc":"2.0","method":"textDocument/publishDiagnostics","params":{"uri":"file:///a.zen","diagnostics":[{"range":{"start":{"line":0,"character":0},"end":{"line":0,"character":3}},"severity":1,"source":"zen","message":"one in a"},{"range":{"start":{"line":0,"character":29},"end":{"line":0,"character":30}},"severity":1,"source":"zen","message":"another in a, said with a \" and a \\"}]}}
4: {"jsonrpc":"2.0","method":"textDocument/publishDiagnostics","params":{"uri":"file:///b.zen","diagnostics":[{"range":{"start":{"line":1,"character":5},"end":{"line":1,"character":7}},"severity":1,"source":"zen","message":"one in b, past a two-byte character"}]}}
