/home/ubuntu/zenc/main.zen
src/main.zen
/home/ubuntu/zenc/main.zen
/workspaces/zenc/main.zen
vscode-remote://ssh-remote+box
untitled:Untitled-1


vscode-remote://
/
FILE:///home/ubuntu/main.zen
/tmp/raw path.zen
src/raw%20name.zen
/tmp/with space/%#café.zen
/tmp/main.zen
/tmp/with space.zen
/tmp/%00%GG.zen
file:///workspace/main.zen
file:///with%20space/x%25%23%C3%A9.zen
local overlay
remote overlay
