--- initialize
    {"jsonrpc":"2.0","id":1,"result":{"capabilities":{"textDocumentSync":1,"hoverProvider":true,"definitionProvider":true,"documentSymbolProvider":true,"completionProvider":{"triggerCharacters":["."]},"semanticTokensProvider":{"legend":{"tokenTypes":["keyword","string","number","comment","operator","variable","type","function","parameter"],"tokenModifiers":[]},"full":true}},"serverInfo":{"name":"zen","version":"0"}}}
--- initialized, and a cancel
    (no frames)
