i32.MAX + 1: 1 diagnostic(s)
    in.zen:10:5: integer overflow: a trap the compiler can prove will fire is a compile error `i32`
i32.MAX +% 1: 0 diagnostic(s)
i32.MAX - 1: 0 diagnostic(s)
i32.MAX / 0: 1 diagnostic(s)
    in.zen:13:5: divide by zero: a trap the compiler can prove will fire is a compile error `0`
i32.MAX % 0: 1 diagnostic(s)
    in.zen:14:5: divide by zero: a trap the compiler can prove will fire is a compile error `0`
i32.MIN / -1: 1 diagnostic(s)
    in.zen:15:5: integer overflow: a trap the compiler can prove will fire is a compile error `i32`
u8.MAX + 100: 1 diagnostic(s)
    in.zen:16:5: integer overflow: a trap the compiler can prove will fire is a compile error `u8`
u8.MAX - 100: 0 diagnostic(s)
200 + 100, no type to settle it: 0 diagnostic(s)
big + 1, through a binding: 0 diagnostic(s)
