0:0  note the function's own name: a bare signature
    {"jsonrpc":"2.0","id":10,"result":{"contents":{"kind":"plaintext","value":"note = (b: bool, s: str, n: i32) bool"},"range":{"start":{"line":0,"character":0},"end":{"line":0,"character":4}}}}
0:8  b    a bool parameter at its declaration
    {"jsonrpc":"2.0","id":11,"result":{"contents":{"kind":"plaintext","value":"bool — `true` or `false`; a `.match` on it is always exhaustive."},"range":{"start":{"line":0,"character":8},"end":{"line":0,"character":9}}}}
0:11  bool a written primitive: the doc line
    {"jsonrpc":"2.0","id":12,"result":{"contents":{"kind":"plaintext","value":"bool — `true` or `false`; a `.match` on it is always exhaustive."},"range":{"start":{"line":0,"character":11},"end":{"line":0,"character":15}}}}
0:17  s    a str parameter at its declaration
    {"jsonrpc":"2.0","id":13,"result":{"contents":{"kind":"plaintext","value":"str — members: len: usize, is_empty, ptr, get, index, slice, copy_into, find, rfind"},"range":{"start":{"line":0,"character":17},"end":{"line":0,"character":18}}}}
0:20  str  a written primitive: its members
    {"jsonrpc":"2.0","id":14,"result":{"contents":{"kind":"plaintext","value":"str — members: len: usize, is_empty, ptr, get, index, slice, copy_into, find, rfind"},"range":{"start":{"line":0,"character":20},"end":{"line":0,"character":23}}}}
0:25  n    an i32 parameter at its declaration
    {"jsonrpc":"2.0","id":15,"result":{"contents":{"kind":"plaintext","value":"i32 — members: MIN, MAX, BITS"},"range":{"start":{"line":0,"character":25},"end":{"line":0,"character":26}}}}
0:28  i32  a written primitive: its members
    {"jsonrpc":"2.0","id":16,"result":{"contents":{"kind":"plaintext","value":"i32 — members: MIN, MAX, BITS"},"range":{"start":{"line":0,"character":28},"end":{"line":0,"character":31}}}}
0:33  bool the return type
    {"jsonrpc":"2.0","id":17,"result":{"contents":{"kind":"plaintext","value":"bool — `true` or `false`; a `.match` on it is always exhaustive."},"range":{"start":{"line":0,"character":33},"end":{"line":0,"character":37}}}}
1:4  b    a bool value, used: the bare name
    {"jsonrpc":"2.0","id":18,"result":{"contents":{"kind":"plaintext","value":"bool"},"range":{"start":{"line":1,"character":4},"end":{"line":1,"character":5}}}}
