3:6  p.: both fields
    {"jsonrpc":"2.0","id":10,"result":{"isIncomplete":false,"items":[{"label":"x","kind":5},{"label":"y","kind":5}]}}
3:7  p.x: the one the prefix keeps
    {"jsonrpc":"2.0","id":11,"result":{"isIncomplete":false,"items":[{"label":"x","kind":5}]}}
3:9  Mode.: the cases
    {"jsonrpc":"2.0","id":12,"result":{"isIncomplete":false,"items":[{"label":"Fast","kind":20},{"label":"Slow","kind":20}]}}
patched builds: 2
