valid
parse diagnostics 0
diagnostics 0
usize 3:40 true
Vec 3:36 true
Vec 3:32 true
usize 3:53 true
usize 3:60 true
U 4:35 true
U 4:49 true
Vec 4:45 true
U 4:53 true
usize 6:16 true
usize 6:23 true
hover nested true Vec<Vec<usize>>
hover primitive true usize
hover generic true U
definition true 0:0
hover unknown false
unknown
parse diagnostics 0
diagnostics 1
Missing 2:32 false
usize 2:45 true
usize 2:52 true
