{"jsonrpc":"2.0","method":"textDocument/publishDiagnostics","params":{"uri":"file://src/app/app.zen","diagnostics":[{"range":{"start":{"line":2,"character":26},"end":{"line":2,"character":30}},"severity":1,"source":"zen","message":"construction names no member: every argument must name a field of the type, so a name it does not declare is not an argument to discard: no `x` on `Point`"}]}}
