--- asked with the didOpen, before the settle
    {"jsonrpc":"2.0","id":1,"result":{"capabilities":{"textDocumentSync":1,"hoverProvider":true,"definitionProvider":true,"documentSymbolProvider":true,"documentFormattingProvider":true,"completionProvider":{"triggerCharacters":["."]},"codeActionProvider":{"codeActionKinds":["quickfix"]},"semanticTokensProvider":{"legend":{"tokenTypes":["keyword","string","number","comment","operator","variable","type","function","parameter"],"tokenModifiers":[]},"full":true}},"serverInfo":{"name":"zen","version":"0"}}}
    {"jsonrpc":"2.0","id":10,"result":{"uri":"file://src/app/shape.zen","range":{"start":{"line":4,"character":0},"end":{"line":4,"character":3}}}}
    {"jsonrpc":"2.0","method":"textDocument/publishDiagnostics","params":{"uri":"file://src/app/app.zen","diagnostics":[]}}
--- asked again, off the settle's build
    {"jsonrpc":"2.0","id":11,"result":{"uri":"file://src/app/shape.zen","range":{"start":{"line":4,"character":0},"end":{"line":4,"character":3}}}}
identical: true
