alpha + beta_gamma -> 2_5alpha10beta_gamma
alpha_beta + gamma -> 2_10alpha_beta5gamma
segments of std.core.result: 3
segments of nothing: 0
path: 3_3std4core6result
variant: zu_e5_3std4core6result3Res2Ok
member: zu_m5errno
local: zu_l3acc
shadowed local: zu_l3acc_2
module value: zu_v2_4main5LIMIT
generated: zg_t3
function: zu_f2_4main4area
prefixes: zu_ zg_
