every (Slot, Cell) pair covered: 0 diagnostic(s)
Left(Blank) covered by nothing: 1 diagnostic(s)
    in.zen:1:1: match is not exhaustive: cover every case or write `_` — match is exhaustive in every position `Left`
an arm below `_`: 1 diagnostic(s)
    in.zen:1:1: unreachable match arm: every value it could match is already covered above `Gone`
one arm of a bool: 1 diagnostic(s)
    in.zen:1:1: match is not exhaustive: cover every case or write `_` — match is exhaustive in every position `false`
a match on a poison scrutinee: 1 diagnostic(s)
