show(1) -> i32
show("x") -> str
show(1, 2) -> usize
run((h) {}) -> i32
run((h, i) {}) -> str
show(1, 2, 3): 1 diagnostic(s)
    in.zen:1:1: no overload matches: resolution is on declared parameter types and arity `show`
`show` as a set: 0 diagnostic(s)
`run` as a set: 0 diagnostic(s)
`combine` as a set: 1 diagnostic(s)
    in.zen:6:1: duplicate signature: parameter names are documentation, not identity `combine`: in.zen:6:1 and in.zen:7:1
`fold` as a set: 1 diagnostic(s)
    in.zen:8:1: ambiguous overload: these two signatures accept the same call `fold`: in.zen:8:1 and in.zen:9:1
