0:1  Point at its own declaration: null
    {"jsonrpc":"2.0","id":10,"result":null}
2:2  double at its own name: itself
    {"jsonrpc":"2.0","id":11,"result":{"uri":"file:///a.zen","range":{"start":{"line":2,"character":0},"end":{"line":2,"character":6}}}}
4:12  Point a written type, to the struct
    {"jsonrpc":"2.0","id":12,"result":{"uri":"file:///a.zen","range":{"start":{"line":0,"character":0},"end":{"line":0,"character":5}}}}
4:20  i32  a builtin: null
    {"jsonrpc":"2.0","id":13,"result":null}
5:10  double a call's callee, to the decl
    {"jsonrpc":"2.0","id":14,"result":{"uri":"file:///a.zen","range":{"start":{"line":2,"character":0},"end":{"line":2,"character":6}}}}
5:17  x     a member, to the field
    {"jsonrpc":"2.0","id":15,"result":{"uri":"file:///a.zen","range":{"start":{"line":0,"character":10},"end":{"line":0,"character":17}}}}
6:4  d     a local, used: null
    {"jsonrpc":"2.0","id":16,"result":null}
6:10  y     a member, to the field
    {"jsonrpc":"2.0","id":17,"result":{"uri":"file:///a.zen","range":{"start":{"line":0,"character":19},"end":{"line":0,"character":26}}}}
