--- the build settles
    {"jsonrpc":"2.0","id":1,"result":{"capabilities":{"textDocumentSync":1,"hoverProvider":true,"definitionProvider":true,"documentSymbolProvider":true,"documentFormattingProvider":true,"completionProvider":{"triggerCharacters":["."]},"codeActionProvider":{"codeActionKinds":["quickfix"]},"semanticTokensProvider":{"legend":{"tokenTypes":["keyword","string","number","comment","operator","variable","type","function","parameter"],"tokenModifiers":[]},"full":true}},"serverInfo":{"name":"zen","version":"0"}}}
    {"jsonrpc":"2.0","method":"textDocument/publishDiagnostics","params":{"uri":"file://src/app/app.zen","diagnostics":[]}}
--- definition, hover and colour at the payload
    {"jsonrpc":"2.0","id":2,"result":{"uri":"file://src/app/app.zen","range":{"start":{"line":0,"character":0},"end":{"line":0,"character":8}}}}
    {"jsonrpc":"2.0","id":3,"result":{"contents":{"kind":"plaintext","value":"ArrayLit — members: n: i32"},"range":{"start":{"line":4,"character":20},"end":{"line":4,"character":28}}}}
    line 0 char 0 type 6  [ArrayLit]
    line 0 char 9 type 4  [=]
    line 1 char 4 type 5  [n]
    line 1 char 5 type 4  [*]
    line 1 char 8 type 6  [i32]
    line 4 char 0 type 6  [Expr]
    line 4 char 5 type 4  [=]
    line 4 char 7 type 5  [Unit]
    line 4 char 12 type 4  [|]
    line 4 char 14 type 5  [Array]
    line 4 char 20 type 6  [ArrayLit]
