== 2 + 3 * 4
0 +
1 2
1 *
2 3
2 4
lex 0 parse 0
== 1 - 2 - 3
0 -
1 -
2 1
2 2
1 3
lex 0 parse 0
== 1 + 2 +% 3
0 +%
1 +
2 1
2 2
1 3
lex 0 parse 0
== 1 + 2 *% 3
0 +
1 1
1 *%
2 2
2 3
lex 0 parse 0
== 6 / 3 % 2
0 %
1 /
2 6
2 3
1 2
lex 0 parse 0
== a == b && c
0 &&
1 ==
2 a
2 b
1 c
lex 0 parse 0
== a && b || c
0 ||
1 &&
2 a
2 b
1 c
lex 0 parse 0
== a < b + 1
0 <
1 a
1 +
2 b
2 1
lex 0 parse 0
== (2 + 3) * 4
0 *
1 paren
2 +
3 2
3 3
1 4
lex 0 parse 0
== -a + b
0 +
1 neg
2 a
1 b
lex 0 parse 0
== !x.ready
0 !
1 .ready
2 x
lex 0 parse 0
