lex 0 parse 0
module.leading 0
decl0.leading 1
  line 1 // before the declaration
member.leading 0
member.trailing 1
  line 3 // after the field
decl1.leading 1
  blank 5..6
arm.leading 1
  line 8 // between the arms
arm.trailing 1
  line 9 // after an arm
arm.leading 0
arm.trailing 0
module.trailing 1
  line 13 // at end of file
