lex 0 parse 0
decls 12
  base const literal
  doubled const mul
  mul tail mul stmts 0
  wrap tail mulwrap stmts 0
  stmt tail literal stmts 1
  stmt_wrap tail literal stmts 1
  local tail mul stmts 1
  arg tail call stmts 0
  arm tail match stmts 0
  arm_block tail match stmts 0
  chain tail mul stmts 0
  star_decl tail call stmts 1
