lex 0 parse 0
enum FrameType repr u8 variants 3 leading false
  Data payload false discriminant 0
  Headers payload false discriminant parenthesized
  Unknown payload true discriminant _
enum Solo repr u16 variants 1 leading true
  Only payload false discriminant 7
enum Local repr u8 variants 2 leading false
  Low payload false discriminant 3
  High payload false discriminant 4
