lex 0 parse 0
enum FrameType variants 3 leading true
  Data payload false discriminant 0
  Headers payload false discriminant parenthesized
  Unknown payload true discriminant none
enum Solo variants 1 leading true
  Only payload false discriminant 7
enum Local variants 2 leading true
  Low payload false discriminant 3
  High payload false discriminant 4
