lex 0 parse 0
module.leading 0
decl0.leading 0
decl0.trailing 1
  line 3 // trailing on the closing brace
member.leading 0
member.trailing 0
decl1.leading 1
  blank 4..5
decl1.trailing 0
main.body.leading 0
main.body.trailing 0
stmt0.leading 0
stmt0.trailing 0
bare.block stmts 0
bare.block.leading 0
bare.block.trailing 0
stmt1.leading 0
stmt1.trailing 0
call.leading 0
call.trailing 0
call.callee.leading 0
call.callee.trailing 0
call.arg.leading 0
call.arg.trailing 0
call.arg.expr.leading 0
call.arg.expr.trailing 0
closure.block stmts 0
closure.block.leading 0
closure.block.trailing 0
stmt2.leading 0
stmt2.trailing 0
match.leading 0
match.trailing 0
match.scrut.leading 0
match.scrut.trailing 0
arm.leading 0
arm.trailing 0
arm.body.leading 0
arm.body.trailing 0
arm.block stmts 1
arm.block.leading 0
arm.block.trailing 0
arm.stmt.leading 1
  line 14 // first inside the arm body
arm.stmt.trailing 0
arm.leading 0
arm.trailing 0
arm.body.leading 0
arm.body.trailing 0
arm body is not a block
module.trailing 0
arena 5
  line 3 // trailing on the closing brace
  blank 4..5
  line 7 // the only content of a bare block
  line 10 // the only content of a closure body
  line 14 // first inside the arm body
