--- a clean build settles, and classifies
    {"jsonrpc":"2.0","id":1,"result":{"capabilities":{"textDocumentSync":1,"hoverProvider":true,"definitionProvider":true,"documentSymbolProvider":true,"completionProvider":{"triggerCharacters":["."]},"semanticTokensProvider":{"legend":{"tokenTypes":["keyword","string","number","comment","operator","variable","type","function","parameter"],"tokenModifiers":[]},"full":true}},"serverInfo":{"name":"zen","version":"0"}}}
    {"jsonrpc":"2.0","method":"textDocument/publishDiagnostics","params":{"uri":"file://src/app/app.zen","diagnostics":[]}}
--- the tokens, off that same build
    line 0 char 0 len 5 type 5 mod 0  [Point]
    line 0 char 6 len 1 type 4 mod 0  [=]
    line 0 char 8 len 3 type 5 mod 0  [app]
    line 0 char 12 len 5 type 5 mod 0  [shape]
    line 2 char 0 len 4 type 7 mod 0  [near]
    line 2 char 5 len 1 type 4 mod 0  [=]
    line 2 char 8 len 1 type 8 mod 0  [q]
    line 2 char 11 len 5 type 6 mod 0  [Point]
    line 2 char 18 len 1 type 8 mod 0  [n]
    line 2 char 21 len 3 type 6 mod 0  [i32]
    line 2 char 26 len 3 type 6 mod 0  [i32]
    line 3 char 4 len 1 type 5 mod 0  [s]
    line 3 char 6 len 1 type 4 mod 0  [=]
    line 3 char 8 len 1 type 8 mod 0  [q]
    line 3 char 10 len 1 type 5 mod 0  [x]
    line 3 char 12 len 1 type 4 mod 0  [+]
    line 3 char 14 len 1 type 8 mod 0  [n]
    line 4 char 4 len 1 type 5 mod 0  [s]
    line 7 char 0 len 3 type 7 mod 0  [far]
    line 7 char 4 len 1 type 4 mod 0  [=]
    line 7 char 7 len 1 type 8 mod 0  [p]
    line 7 char 10 len 5 type 6 mod 0  [Point]
    line 7 char 17 len 3 type 6 mod 0  [i32]
    line 8 char 4 len 4 type 7 mod 0  [near]
    line 8 char 9 len 1 type 8 mod 0  [p]
    line 8 char 12 len 1 type 2 mod 0  [1]
--- an undefined name breaks the build
    {"jsonrpc":"2.0","method":"textDocument/publishDiagnostics","params":{"uri":"file://src/app/app.zen","diagnostics":[{"range":{"start":{"line":3,"character":14},"end":{"line":3,"character":21}},"severity":1,"source":"zen","message":"undefined name: no binding of this name is in scope `missing`"}]}}
--- a broken build answers lexically
    line 0 char 0 len 5 type 5 mod 0  [Point]
    line 0 char 6 len 1 type 4 mod 0  [=]
    line 0 char 8 len 3 type 5 mod 0  [app]
    line 0 char 12 len 5 type 5 mod 0  [shape]
    line 2 char 0 len 4 type 5 mod 0  [near]
    line 2 char 5 len 1 type 4 mod 0  [=]
    line 2 char 8 len 1 type 5 mod 0  [q]
    line 2 char 11 len 5 type 5 mod 0  [Point]
    line 2 char 18 len 1 type 5 mod 0  [n]
    line 2 char 21 len 3 type 5 mod 0  [i32]
    line 2 char 26 len 3 type 5 mod 0  [i32]
    line 3 char 4 len 1 type 5 mod 0  [s]
    line 3 char 6 len 1 type 4 mod 0  [=]
    line 3 char 8 len 1 type 5 mod 0  [q]
    line 3 char 10 len 1 type 5 mod 0  [x]
    line 3 char 12 len 1 type 4 mod 0  [+]
    line 3 char 14 len 7 type 5 mod 0  [missing]
    line 4 char 4 len 1 type 5 mod 0  [s]
    line 7 char 0 len 3 type 5 mod 0  [far]
    line 7 char 4 len 1 type 4 mod 0  [=]
    line 7 char 7 len 1 type 5 mod 0  [p]
    line 7 char 10 len 5 type 5 mod 0  [Point]
    line 7 char 17 len 3 type 5 mod 0  [i32]
    line 8 char 4 len 4 type 5 mod 0  [near]
    line 8 char 9 len 1 type 5 mod 0  [p]
    line 8 char 12 len 1 type 2 mod 0  [1]
--- fixed again
    {"jsonrpc":"2.0","method":"textDocument/publishDiagnostics","params":{"uri":"file://src/app/app.zen","diagnostics":[]}}
--- the semantic answer is back
    line 0 char 0 len 5 type 5 mod 0  [Point]
    line 0 char 6 len 1 type 4 mod 0  [=]
    line 0 char 8 len 3 type 5 mod 0  [app]
    line 0 char 12 len 5 type 5 mod 0  [shape]
    line 2 char 0 len 4 type 7 mod 0  [near]
    line 2 char 5 len 1 type 4 mod 0  [=]
    line 2 char 8 len 1 type 8 mod 0  [q]
    line 2 char 11 len 5 type 6 mod 0  [Point]
    line 2 char 18 len 1 type 8 mod 0  [n]
    line 2 char 21 len 3 type 6 mod 0  [i32]
    line 2 char 26 len 3 type 6 mod 0  [i32]
    line 3 char 4 len 1 type 5 mod 0  [s]
    line 3 char 6 len 1 type 4 mod 0  [=]
    line 3 char 8 len 1 type 8 mod 0  [q]
    line 3 char 10 len 1 type 5 mod 0  [x]
    line 3 char 12 len 1 type 4 mod 0  [+]
    line 3 char 14 len 1 type 8 mod 0  [n]
    line 4 char 4 len 1 type 5 mod 0  [s]
    line 7 char 0 len 3 type 7 mod 0  [far]
    line 7 char 4 len 1 type 4 mod 0  [=]
    line 7 char 7 len 1 type 8 mod 0  [p]
    line 7 char 10 len 5 type 6 mod 0  [Point]
    line 7 char 17 len 3 type 6 mod 0  [i32]
    line 8 char 4 len 4 type 7 mod 0  [near]
    line 8 char 9 len 1 type 8 mod 0  [p]
    line 8 char 12 len 1 type 2 mod 0  [1]
