diagnostics: 0
faithful: true
---
1 |// leads the file
2 |
3 |Shape = Circle   // trails a declaration
4 |                 // and continues, indented, under itself
5 |
6 |Point = {
7 |    x: i32,   // inside, and inside is verbatim
8 |
9 |
10 |    y: i32,
11 |}
12 |
13 |// nothing follows this but the end of the file
---
