== an enum at exactly the width stays packed
faithful: true, fixpoint
1 |ValueShape* = StructValue | EnumValue | FnValue | PathValue | AliasV | ExprValue|
== a call at exactly the width stays packed
faithful: true, fixpoint
1 |x = combine(first, second, third, fourth, fifth, sixth, seventh, fourteenth_arg)|
