== a one-line enum past the width breaks one variant per line
faithful: true, fixpoint
1 |ValueShape* = StructValue|
2 |    | EnumValue|
3 |    | FnValue|
4 |    | PathValue|
5 |    | AliasValue|
6 |    | ExprValue|
== an anonymous union's bars break the same way
faithful: true, fixpoint
1 |handle = (r: Req) Res<str, Io|
2 |    | Parse|
3 |    | Net|
4 |    | AddressInUse|
5 |    | ConnectionReset|
6 |    | TimedOut> {|
7 |    r.run()|
8 |}|
