== the outer list breaks and the inner stays packed
faithful: true, fixpoint
1 |x = outer_call(|
2 |    inner_call(a, b),|
3 |    second_argument,|
4 |    third_argument,|
5 |    fourth_argument)|
== on one over-wide line the innermost list breaks first
faithful: true, fixpoint
1 |x = outer_call(inner_call(|
2 |    a,|
3 |    b), second_argument, third_argument, fourth_argument)|
== an operator chain of calls is a human's to re-shape
faithful: true, fixpoint
1 |r = kind.same(TokenKind.BraceOpen) || kind.same(TokenKind.ParenOpen) || kind.ret_start()|
