session:
Content-Length: 96\r\n\r\n
{"jsonrpc":"2.0","id":1,"error":{"code":-32002,"message":"the server has not been initialized"}}
Content-Length: 450\r\n\r\n
{"jsonrpc":"2.0","id":2,"result":{"capabilities":{"textDocumentSync":1,"hoverProvider":true,"definitionProvider":true,"documentSymbolProvider":true,"documentFormattingProvider":true,"completionProvider":{"triggerCharacters":["."]},"semanticTokensProvider":{"legend":{"tokenTypes":["keyword","string","number","comment","operator","variable","type","function","parameter"],"tokenModifiers":[]},"full":true}},"serverInfo":{"name":"zen","version":"0"}}}
Content-Length: 157\r\n\r\n
{"jsonrpc":"2.0","id":3,"result":{"contents":{"kind":"plaintext","value":"i32"},"range":{"start":{"line":0,"character":29},"end":{"line":0,"character":30}}}}
Content-Length: 157\r\n\r\n
{"jsonrpc":"2.0","id":4,"result":{"contents":{"kind":"plaintext","value":"i32"},"range":{"start":{"line":0,"character":29},"end":{"line":0,"character":34}}}}
Content-Length: 38\r\n\r\n
{"jsonrpc":"2.0","id":5,"result":null}
Content-Length: 90\r\n\r\n
{"jsonrpc":"2.0","id":6,"error":{"code":-32602,"message":"no open document for that uri"}}
Content-Length: 158\r\n\r\n
{"jsonrpc":"2.0","id":7,"result":{"contents":{"kind":"plaintext","value":"bool"},"range":{"start":{"line":0,"character":33},"end":{"line":0,"character":34}}}}
Content-Length: 152\r\n\r\n
{"jsonrpc":"2.0","id":8,"error":{"code":-32601,"message":"no handler for textDocument/references - see docs/design_lsp.md for the stage it arrives at"}}
Content-Length: 43\r\n\r\n
{"jsonrpc":"2.0","id":"nine","result":null}
bad json:
Content-Length: 89\r\n\r\n
{"jsonrpc":"2.0","id":null,"error":{"code":-32700,"message":"unexpected byte at byte 6"}}
two values:
Content-Length: 104\r\n\r\n
{"jsonrpc":"2.0","id":null,"error":{"code":-32700,"message":"trailing bytes after the value at byte 3"}}
no blank line:
lsp: bad frame at byte 0 (the headers never ended)\n
no length:
lsp: bad frame at byte 0 (no Content-Length)\n
short body:
lsp: bad frame at byte 22 (fewer bytes than Content-Length promised)\n
odd headers:
Content-Length: 96\r\n\r\n
{"jsonrpc":"2.0","id":1,"error":{"code":-32002,"message":"the server has not been initialized"}}
