0:0  Point the import itself: null
    {"jsonrpc":"2.0","id":10,"result":null}
2:0  near  the function's own name
    {"jsonrpc":"2.0","id":11,"result":{"contents":{"kind":"plaintext","value":"near = (q: Point, n: i32) i32"},"range":{"start":{"line":2,"character":0},"end":{"line":2,"character":4}}}}
2:4        a space: null
    {"jsonrpc":"2.0","id":12,"result":null}
2:8  q     a parameter typed from another module
    {"jsonrpc":"2.0","id":13,"result":{"contents":{"kind":"plaintext","value":"Point"},"range":{"start":{"line":2,"character":8},"end":{"line":2,"character":9}}}}
2:11  Point AN IMPORTED TYPE, written
    {"jsonrpc":"2.0","id":14,"result":{"contents":{"kind":"plaintext","value":"Point"},"range":{"start":{"line":2,"character":11},"end":{"line":2,"character":16}}}}
2:18  n     a parameter at its declaration
    {"jsonrpc":"2.0","id":15,"result":{"contents":{"kind":"plaintext","value":"i32"},"range":{"start":{"line":2,"character":18},"end":{"line":2,"character":19}}}}
2:21  i32   a parameter's written type
    {"jsonrpc":"2.0","id":16,"result":{"contents":{"kind":"plaintext","value":"i32"},"range":{"start":{"line":2,"character":21},"end":{"line":2,"character":24}}}}
2:26  i32   the return type
    {"jsonrpc":"2.0","id":17,"result":{"contents":{"kind":"plaintext","value":"i32"},"range":{"start":{"line":2,"character":26},"end":{"line":2,"character":29}}}}
2:30  {     the body's brace: null
    {"jsonrpc":"2.0","id":18,"result":null}
3:4  s     a local at its declaration
    {"jsonrpc":"2.0","id":19,"result":{"contents":{"kind":"plaintext","value":"i32"},"range":{"start":{"line":3,"character":4},"end":{"line":3,"character":5}}}}
3:8  q     the base of a field access
    {"jsonrpc":"2.0","id":20,"result":{"contents":{"kind":"plaintext","value":"Point"},"range":{"start":{"line":3,"character":8},"end":{"line":3,"character":9}}}}
3:14  n     a parameter, used
    {"jsonrpc":"2.0","id":21,"result":{"contents":{"kind":"plaintext","value":"i32"},"range":{"start":{"line":3,"character":14},"end":{"line":3,"character":15}}}}
4:4  s     a local, used
    {"jsonrpc":"2.0","id":22,"result":{"contents":{"kind":"plaintext","value":"i32"},"range":{"start":{"line":4,"character":4},"end":{"line":4,"character":5}}}}
2:0  near  in a buffer whose brace never closes
    {"jsonrpc":"2.0","id":90,"result":{"contents":{"kind":"plaintext","value":"near = (q: Point) i32"},"range":{"start":{"line":2,"character":0},"end":{"line":2,"character":4}}}}
