1 is int
1 + 2 is int
1 < 2 is bool
(1 < 2) is bool
a string literal is str
1 + 2 is still int
types interned by asking again: 0
diagnostics so far: 0
an undefined name is <unknown>
`.try()` on an integer is <unknown>
diagnostics now: 2
the same undefined name is <unknown>
diagnostics after asking again: 2
in.zen:1:1: undefined name: no binding of this name is in scope `ada`
in.zen:1:1: `.try()` needs a Res: expected <unknown>, found int

