0:0  add  the function's own name
    {"jsonrpc":"2.0","id":10,"result":{"contents":{"kind":"plaintext","value":"add = (a: i32, b: i32) i32"},"range":{"start":{"line":0,"character":0},"end":{"line":0,"character":3}}}}
0:3       a space: null
    {"jsonrpc":"2.0","id":11,"result":null}
0:7  a    a parameter at its declaration
    {"jsonrpc":"2.0","id":12,"result":{"contents":{"kind":"plaintext","value":"i32"},"range":{"start":{"line":0,"character":7},"end":{"line":0,"character":8}}}}
0:10  i32  a parameter's written type
    {"jsonrpc":"2.0","id":13,"result":{"contents":{"kind":"plaintext","value":"i32"},"range":{"start":{"line":0,"character":10},"end":{"line":0,"character":13}}}}
0:15  b    a parameter at its declaration
    {"jsonrpc":"2.0","id":14,"result":{"contents":{"kind":"plaintext","value":"i32"},"range":{"start":{"line":0,"character":15},"end":{"line":0,"character":16}}}}
0:18  i32  a parameter's written type
    {"jsonrpc":"2.0","id":15,"result":{"contents":{"kind":"plaintext","value":"i32"},"range":{"start":{"line":0,"character":18},"end":{"line":0,"character":21}}}}
0:23  i32  the return type
    {"jsonrpc":"2.0","id":16,"result":{"contents":{"kind":"plaintext","value":"i32"},"range":{"start":{"line":0,"character":23},"end":{"line":0,"character":26}}}}
0:27  {    the body's brace: null
    {"jsonrpc":"2.0","id":17,"result":null}
1:4  s    a local at its declaration
    {"jsonrpc":"2.0","id":18,"result":{"contents":{"kind":"plaintext","value":"i32"},"range":{"start":{"line":1,"character":4},"end":{"line":1,"character":5}}}}
1:8  a    a parameter, used
    {"jsonrpc":"2.0","id":19,"result":{"contents":{"kind":"plaintext","value":"i32"},"range":{"start":{"line":1,"character":8},"end":{"line":1,"character":9}}}}
1:12  b    a parameter, used
    {"jsonrpc":"2.0","id":20,"result":{"contents":{"kind":"plaintext","value":"i32"},"range":{"start":{"line":1,"character":12},"end":{"line":1,"character":13}}}}
2:4  s    a local, used
    {"jsonrpc":"2.0","id":21,"result":{"contents":{"kind":"plaintext","value":"i32"},"range":{"start":{"line":2,"character":4},"end":{"line":2,"character":5}}}}
5:0  bad  a signature with poison in it: null
    {"jsonrpc":"2.0","id":22,"result":null}
5:7  x    a parameter typed by poison: null
    {"jsonrpc":"2.0","id":23,"result":null}
5:10  Nope a type that does not resolve: null
    {"jsonrpc":"2.0","id":24,"result":null}
9:8  b    a bool parameter, no prelude: bare name
    {"jsonrpc":"2.0","id":25,"result":{"contents":{"kind":"plaintext","value":"bool"},"range":{"start":{"line":9,"character":8},"end":{"line":9,"character":9}}}}
9:11  bool a written primitive, no prelude: bare name
    {"jsonrpc":"2.0","id":26,"result":{"contents":{"kind":"plaintext","value":"bool"},"range":{"start":{"line":9,"character":11},"end":{"line":9,"character":15}}}}
9:17  bool the return type, no prelude: bare name
    {"jsonrpc":"2.0","id":27,"result":{"contents":{"kind":"plaintext","value":"bool"},"range":{"start":{"line":9,"character":17},"end":{"line":9,"character":21}}}}
