check src/library entry=library.zen emit=false ffi=false
check src/library entry= emit=false ffi=true
usage `--emit-c`
usage `-o`
usage `--entry`
usage ``
help true false
valid 0
library.zen:1:12: undefined name: no binding of this name is in scope `Missing`

zen: 1 diagnostic(s)
invalid 1
artifact false
