0:1  Point the first import binding, across
    {"jsonrpc":"2.0","id":10,"result":{"uri":"file://src/app/shape.zen","range":{"start":{"line":2,"character":0},"end":{"line":2,"character":5}}}}
0:8  sum   the second import binding, across
    {"jsonrpc":"2.0","id":11,"result":{"uri":"file://src/app/shape.zen","range":{"start":{"line":4,"character":0},"end":{"line":4,"character":3}}}}
0:13  app   the first module-path segment
    {"jsonrpc":"2.0","id":12,"result":{"uri":"file://src/app/shape.zen","range":{"start":{"line":0,"character":0},"end":{"line":0,"character":0}}}}
0:16  .     the full dotted module path
    {"jsonrpc":"2.0","id":13,"result":{"uri":"file://src/app/shape.zen","range":{"start":{"line":0,"character":0},"end":{"line":0,"character":0}}}}
0:19  shape the final module-path segment
    {"jsonrpc":"2.0","id":14,"result":{"uri":"file://src/app/shape.zen","range":{"start":{"line":0,"character":0},"end":{"line":0,"character":0}}}}
2:12  Point a written imported type, across
    {"jsonrpc":"2.0","id":15,"result":{"uri":"file://src/app/shape.zen","range":{"start":{"line":2,"character":0},"end":{"line":2,"character":5}}}}
3:9  sum   an imported function, called
    {"jsonrpc":"2.0","id":16,"result":{"uri":"file://src/app/shape.zen","range":{"start":{"line":4,"character":0},"end":{"line":4,"character":3}}}}
3:19  x     an imported member, after a dot
    {"jsonrpc":"2.0","id":17,"result":{"uri":"file://src/app/shape.zen","range":{"start":{"line":2,"character":11},"end":{"line":2,"character":18}}}}
4:4  s     a local, used: null
    {"jsonrpc":"2.0","id":18,"result":null}
