0:1  Point the import binding itself: null
    {"jsonrpc":"2.0","id":10,"result":null}
2:12  Point a written imported type, across
    {"jsonrpc":"2.0","id":11,"result":{"uri":"file://src/app/shape.zen","range":{"start":{"line":2,"character":0},"end":{"line":2,"character":5}}}}
3:9  sum   an imported function, called
    {"jsonrpc":"2.0","id":12,"result":{"uri":"file://src/app/shape.zen","range":{"start":{"line":4,"character":0},"end":{"line":4,"character":3}}}}
3:19  x     an imported member, after a dot
    {"jsonrpc":"2.0","id":13,"result":{"uri":"file://src/app/shape.zen","range":{"start":{"line":2,"character":11},"end":{"line":2,"character":18}}}}
4:4  s     a local, used: null
    {"jsonrpc":"2.0","id":14,"result":null}
