defer helper
drop helper
caught 7
main continued
success body
defer helper
drop helper
success 42
defer helper
drop helper
drop outer
outer caught
defer helper
drop helper
drop callback caller
callback caught
replaced
mapped 8
drop optional
absent
unit caught
widened caught
main ending
defer helper
drop helper
defer caught
defer continued
drop main
