Tile.side: 1 supplier(s), stored i32
Tile.area: 1 supplier(s), computed (Tile) i32
Tile.width: 2 supplier(s), computed i32
t.width, no bound in scope: 1 diagnostic(s)
    in.zen:1:1: ambiguous: two impls supply this name and no bound in scope selects one `width`: 20:1 and 25:1
tv.width, with T: Boxy in scope -> i32
tv.width, bound in scope: 0 diagnostic(s)
t.width = 2: 1 diagnostic(s)
    in.zen:1:1: cannot assign to a computed field: an impl-supplied field has no storage, so there is nothing to assign into `width`
&t.width: 1 diagnostic(s)
    in.zen:1:1: cannot take the address of a computed field: there is no storage, so no address exists `width`
scale(d, 2): 1 diagnostic(s)
    in.zen:40:1: bound not satisfied: this type has no impl of the bound, so it has none of the fields the bound promises `T`: expected Boxy, found Dot
the module's impls: 1 diagnostic(s)
    in.zen:30:1: impl is missing a field: an impl supplies a value for every field the bound declares `height`
